
> angular@0.0.0 start
> ng serve --host 0.0.0.0  --no-hmr --disable-host-check --port 3000

Warning: Running a server with --disable-host-check is a security risk. See https://medium.com/webpack/webpack-dev-server-middleware-security-issues-1489d950874a for more information.
The "disableHostCheck" option will not be used because it is not supported by the "@angular-devkit/build-angular:application" builder.
❯ Building...
✔ Building...
Browser bundles     
Initial chunk files  | Names               |  Raw size
polyfills.js         | polyfills           |  90.20 kB | 
main.js              | main                |  28.33 kB | 
styles.css           | styles              |   4.00 kB | 
chunk-YQOESBWP.js    | -                   | 754 bytes | 

                     | Initial total       | 123.28 kB

Lazy chunk files     | Names               |  Raw size
chunk-SJL4UBMP.js    | nearby-stops-module |   2.48 kB | 
chunk-IXYJEW2I.js    | saved-routes-module |   2.47 kB | 
chunk-I4U4MT44.js    | plan-trip-module    |   2.42 kB | 
chunk-4J6FFX3F.js    | my-city-module      |   2.34 kB | 


Server bundles      
Initial chunk files  | Names               |  Raw size
polyfills.server.mjs | polyfills.server    | 572.91 kB | 
chunk-NEG4GXXH.mjs   | -                   |  28.77 kB | 
server.mjs           | server              |   1.42 kB | 
main.server.mjs      | main.server         | 831 bytes | 
chunk-FFILDKJJ.mjs   | -                   | 788 bytes | 

Lazy chunk files     | Names               |  Raw size
chunk-MJWRVJQO.mjs   | nearby-stops-module |   2.52 kB | 
chunk-GYU25L2D.mjs   | saved-routes-module |   2.51 kB | 
chunk-HWJPFCVE.mjs   | plan-trip-module    |   2.45 kB | 
chunk-C5IT2HCS.mjs   | my-city-module      |   2.38 kB | 

Application bundle generation complete. [3.168 seconds]

Watch mode enabled. Watching for file changes...
NOTE: Raw file sizes do not reflect development server per-request transformations.
  ➜  Local:   http://localhost:3000/
  ➜  Network: http://172.17.0.2:3000/
❯ Changes detected. Rebuilding...
✔ Changes detected. Rebuilding...
Application bundle generation failed. [0.474 seconds]

✘ [ERROR] TS2307: Cannot find module '@ngx-translate/core' or its corresponding type declarations. [plugin angular-compiler]

    src/app/translate-config.module.ts:3:67:
      3 │ ...er, TranslateModule, TranslateService } from '@ngx-translate/core';
        ╵                                                 ~~~~~~~~~~~~~~~~~~~~~


✘ [ERROR] TS2307: Cannot find module '@ngx-translate/http-loader' or its corresponding type declarations. [plugin angular-compiler]

    src/app/translate-config.module.ts:4:36:
      4 │ import { TranslateHttpLoader } from '@ngx-translate/http-loader';
        ╵                                     ~~~~~~~~~~~~~~~~~~~~~~~~~~~~


✘ [ERROR] TS-991010: Value at position 0 in the NgModule.imports of TranslateConfigModule is not a reference
  Value could not be determined statically. [plugin angular-compiler]

    src/app/translate-config.module.ts:16:11:
      16 │   imports: [
         ╵            ^

  Unable to evaluate this expression statically.

    src/app/translate-config.module.ts:17:4:
      17 │     TranslateModule.forRoot({
         ╵     ~~~~~~~~~~~~~~~~~~~~~~~

  Unknown reference.

    src/app/translate-config.module.ts:17:4:
      17 │     TranslateModule.forRoot({
         ╵     ~~~~~~~~~~~~~~~


❯ Changes detected. Rebuilding...
✔ Changes detected. Rebuilding...
Application bundle generation failed. [0.342 seconds]

✘ [ERROR] TS2307: Cannot find module '@ngx-translate/core' or its corresponding type declarations. [plugin angular-compiler]

    src/app/app.component.ts:3:33:
      3 │ import { TranslateService } from '@ngx-translate/core';
        ╵                                  ~~~~~~~~~~~~~~~~~~~~~


✘ [ERROR] TS-992003: No suitable injection token for parameter 'translate' of class 'AppComponent'.
  Consider using the @Inject decorator to specify an injection token. [plugin angular-compiler]

    src/app/app.component.ts:24:21:
      24 │   constructor(public translate: TranslateService) {}
         ╵                      ~~~~~~~~~

  This type does not have a value, so it cannot be used as injection token.

    src/app/app.component.ts:24:32:
      24 │   constructor(public translate: TranslateService) {}
         ╵                                 ~~~~~~~~~~~~~~~~


✘ [ERROR] TS2307: Cannot find module '@ngx-translate/core' or its corresponding type declarations. [plugin angular-compiler]

    src/app/translate-config.module.ts:3:67:
      3 │ ...er, TranslateModule, TranslateService } from '@ngx-translate/core';
        ╵                                                 ~~~~~~~~~~~~~~~~~~~~~


✘ [ERROR] TS2307: Cannot find module '@ngx-translate/http-loader' or its corresponding type declarations. [plugin angular-compiler]

    src/app/translate-config.module.ts:4:36:
      4 │ import { TranslateHttpLoader } from '@ngx-translate/http-loader';
        ╵                                     ~~~~~~~~~~~~~~~~~~~~~~~~~~~~


✘ [ERROR] TS-991010: Value at position 0 in the NgModule.imports of TranslateConfigModule is not a reference
  Value could not be determined statically. [plugin angular-compiler]

    src/app/translate-config.module.ts:16:11:
      16 │   imports: [
         ╵            ^

  Unable to evaluate this expression statically.

    src/app/translate-config.module.ts:17:4:
      17 │     TranslateModule.forRoot({
         ╵     ~~~~~~~~~~~~~~~~~~~~~~~

  Unknown reference.

    src/app/translate-config.module.ts:17:4:
      17 │     TranslateModule.forRoot({
         ╵     ~~~~~~~~~~~~~~~


❯ Changes detected. Rebuilding...
✔ Changes detected. Rebuilding...
Application bundle generation failed. [0.135 seconds]

✘ [ERROR] TS2307: Cannot find module '@ngx-translate/core' or its corresponding type declarations. [plugin angular-compiler]

    src/app/app.component.ts:3:33:
      3 │ import { TranslateService } from '@ngx-translate/core';
        ╵                                  ~~~~~~~~~~~~~~~~~~~~~


✘ [ERROR] TS-992003: No suitable injection token for parameter 'translate' of class 'AppComponent'.
  Consider using the @Inject decorator to specify an injection token. [plugin angular-compiler]

    src/app/app.component.ts:24:21:
      24 │   constructor(public translate: TranslateService) {}
         ╵                      ~~~~~~~~~

  This type does not have a value, so it cannot be used as injection token.

    src/app/app.component.ts:24:32:
      24 │   constructor(public translate: TranslateService) {}
         ╵                                 ~~~~~~~~~~~~~~~~


✘ [ERROR] TS2307: Cannot find module '@ngx-translate/core' or its corresponding type declarations. [plugin angular-compiler]

    src/app/translate-config.module.ts:3:67:
      3 │ ...er, TranslateModule, TranslateService } from '@ngx-translate/core';
        ╵                                                 ~~~~~~~~~~~~~~~~~~~~~


✘ [ERROR] TS2307: Cannot find module '@ngx-translate/http-loader' or its corresponding type declarations. [plugin angular-compiler]

    src/app/translate-config.module.ts:4:36:
      4 │ import { TranslateHttpLoader } from '@ngx-translate/http-loader';
        ╵                                     ~~~~~~~~~~~~~~~~~~~~~~~~~~~~


✘ [ERROR] TS-991010: Value at position 0 in the NgModule.imports of TranslateConfigModule is not a reference
  Value could not be determined statically. [plugin angular-compiler]

    src/app/translate-config.module.ts:16:11:
      16 │   imports: [
         ╵            ^

  Unable to evaluate this expression statically.

    src/app/translate-config.module.ts:17:4:
      17 │     TranslateModule.forRoot({
         ╵     ~~~~~~~~~~~~~~~~~~~~~~~

  Unknown reference.

    src/app/translate-config.module.ts:17:4:
      17 │     TranslateModule.forRoot({
         ╵     ~~~~~~~~~~~~~~~


❯ Changes detected. Rebuilding...
✔ Changes detected. Rebuilding...
Application bundle generation failed. [0.110 seconds]

✘ [ERROR] TS2307: Cannot find module '@ngx-translate/core' or its corresponding type declarations. [plugin angular-compiler]

    src/app/app.component.ts:3:33:
      3 │ import { TranslateService } from '@ngx-translate/core';
        ╵                                  ~~~~~~~~~~~~~~~~~~~~~


✘ [ERROR] TS-992003: No suitable injection token for parameter 'translate' of class 'AppComponent'.
  Consider using the @Inject decorator to specify an injection token. [plugin angular-compiler]

    src/app/app.component.ts:24:21:
      24 │   constructor(public translate: TranslateService) {}
         ╵                      ~~~~~~~~~

  This type does not have a value, so it cannot be used as injection token.

    src/app/app.component.ts:24:32:
      24 │   constructor(public translate: TranslateService) {}
         ╵                                 ~~~~~~~~~~~~~~~~


✘ [ERROR] TS2307: Cannot find module '@ngx-translate/core' or its corresponding type declarations. [plugin angular-compiler]

    src/app/translate-config.module.ts:3:67:
      3 │ ...er, TranslateModule, TranslateService } from '@ngx-translate/core';
        ╵                                                 ~~~~~~~~~~~~~~~~~~~~~


✘ [ERROR] TS2307: Cannot find module '@ngx-translate/http-loader' or its corresponding type declarations. [plugin angular-compiler]

    src/app/translate-config.module.ts:4:36:
      4 │ import { TranslateHttpLoader } from '@ngx-translate/http-loader';
        ╵                                     ~~~~~~~~~~~~~~~~~~~~~~~~~~~~


✘ [ERROR] TS-991010: Value at position 0 in the NgModule.imports of TranslateConfigModule is not a reference
  Value could not be determined statically. [plugin angular-compiler]

    src/app/translate-config.module.ts:16:11:
      16 │   imports: [
         ╵            ^

  Unable to evaluate this expression statically.

    src/app/translate-config.module.ts:17:4:
      17 │     TranslateModule.forRoot({
         ╵     ~~~~~~~~~~~~~~~~~~~~~~~

  Unknown reference.

    src/app/translate-config.module.ts:17:4:
      17 │     TranslateModule.forRoot({
         ╵     ~~~~~~~~~~~~~~~


❯ Changes detected. Rebuilding...
✔ Changes detected. Rebuilding...
Application bundle generation failed. [0.293 seconds]

✘ [ERROR] TS2307: Cannot find module '@ngx-translate/core' or its corresponding type declarations. [plugin angular-compiler]

    src/app/app.component.ts:3:33:
      3 │ import { TranslateService } from '@ngx-translate/core';
        ╵                                  ~~~~~~~~~~~~~~~~~~~~~


✘ [ERROR] TS-992003: No suitable injection token for parameter 'translate' of class 'AppComponent'.
  Consider using the @Inject decorator to specify an injection token. [plugin angular-compiler]

    src/app/app.component.ts:24:21:
      24 │   constructor(public translate: TranslateService) {}
         ╵                      ~~~~~~~~~

  This type does not have a value, so it cannot be used as injection token.

    src/app/app.component.ts:24:32:
      24 │   constructor(public translate: TranslateService) {}
         ╵                                 ~~~~~~~~~~~~~~~~


✘ [ERROR] TS2307: Cannot find module '@ngx-translate/core' or its corresponding type declarations. [plugin angular-compiler]

    src/app/my-city/my-city.component.ts:2:33:
      2 │ import { TranslateService } from '@ngx-translate/core';
        ╵                                  ~~~~~~~~~~~~~~~~~~~~~


✘ [ERROR] TS-992003: No suitable injection token for parameter 'translate' of class 'MyCityComponent'.
  Consider using the @Inject decorator to specify an injection token. [plugin angular-compiler]

    src/app/my-city/my-city.component.ts:46:21:
      46 │   constructor(public translate: TranslateService) {}
         ╵                      ~~~~~~~~~

  This type does not have a value, so it cannot be used as injection token.

    src/app/my-city/my-city.component.ts:46:32:
      46 │   constructor(public translate: TranslateService) {}
         ╵                                 ~~~~~~~~~~~~~~~~


✘ [ERROR] TS2307: Cannot find module '@ngx-translate/core' or its corresponding type declarations. [plugin angular-compiler]

    src/app/translate-config.module.ts:3:67:
      3 │ ...er, TranslateModule, TranslateService } from '@ngx-translate/core';
        ╵                                                 ~~~~~~~~~~~~~~~~~~~~~


✘ [ERROR] TS2307: Cannot find module '@ngx-translate/http-loader' or its corresponding type declarations. [plugin angular-compiler]

    src/app/translate-config.module.ts:4:36:
      4 │ import { TranslateHttpLoader } from '@ngx-translate/http-loader';
        ╵                                     ~~~~~~~~~~~~~~~~~~~~~~~~~~~~


✘ [ERROR] TS-991010: Value at position 0 in the NgModule.imports of TranslateConfigModule is not a reference
  Value could not be determined statically. [plugin angular-compiler]

    src/app/translate-config.module.ts:16:11:
      16 │   imports: [
         ╵            ^

  Unable to evaluate this expression statically.

    src/app/translate-config.module.ts:17:4:
      17 │     TranslateModule.forRoot({
         ╵     ~~~~~~~~~~~~~~~~~~~~~~~

  Unknown reference.

    src/app/translate-config.module.ts:17:4:
      17 │     TranslateModule.forRoot({
         ╵     ~~~~~~~~~~~~~~~


